[2025-12-21 21:31:56] Warning: No interactions. No features generated.
[2025-12-21 21:31:56] Warning: No interactions. Returning unchanged.
[2025-12-21 21:32:08] Warning: No interactions. No features generated.
[2025-12-21 21:32:08] Warning: No interactions. Returning unchanged.
[2025-12-21 21:35:19] Starting regression on cuda - 104234 samples, 87 features
[2025-12-21 21:35:19] Params: gen=100, parents=100, children=500, limit=inf, time_budget=Nones.
[2025-12-21 21:39:31] Starting regression on cuda - 104234 samples, 87 features
[2025-12-21 21:39:31] Params: gen=100, parents=100, children=500, limit=inf, time_budget=Nones.
[2025-12-21 21:40:07] Starting regression on cuda - 104234 samples, 87 features
[2025-12-21 21:40:07] Params: gen=100, parents=100, children=500, limit=inf, time_budget=Nones.
[2025-12-21 21:40:19] Gen 0: Train competition_loss=0.11579, Val competition_loss=0.12609
[2025-12-22 00:49:37] Starting regression on cuda - 104234 samples, 87 features
[2025-12-22 00:49:37] Params: gen=100, parents=100, children=500, limit=inf, time_budget=Nones.
[2025-12-22 00:49:55] Gen 0: Train competition_loss_exact=12.89660, Val competition_loss_exact=13.27056
[2025-12-22 00:52:41] Starting regression on cuda - 104234 samples, 87 features
[2025-12-22 00:52:41] Params: gen=100, parents=100, children=500, limit=inf, time_budget=Nones.
[2025-12-22 00:53:20] Starting regression on cuda - 104234 samples, 87 features
[2025-12-22 00:53:20] Params: gen=100, parents=100, children=500, limit=inf, time_budget=Nones.
[2025-12-22 00:53:30] Gen 0: Train competition_loss_exact=12.89660, Val competition_loss_exact=13.27056
[2025-12-22 00:56:26] Starting regression on cuda - 104234 samples, 87 features
[2025-12-22 00:56:26] Params: gen=100, parents=100, children=500, limit=inf, time_budget=Nones.
[2025-12-22 00:56:36] Gen 0: Train competition_loss_exact=12.89660, Val competition_loss_exact=13.27056
[2025-12-22 00:57:24] Starting regression on cuda - 104234 samples, 87 features
[2025-12-22 00:57:24] Params: gen=100, parents=100, children=500, limit=inf, time_budget=Nones.
[2025-12-22 00:57:34] Gen 0: Train competition_loss_exact=12.89660, Val competition_loss_exact=13.27056
